captured_at=2026-07-29T04:24:51+00:00
target=6 directly managed Docker Compose hosts; app-01 Coolify projects, pinned cAdvisor projects, and kasm-01 excluded
mechanism=SSH Manager to ansible-01; Ansible from /home/ansible/fleet-updates
command=ansible-playbook playbooks/docker-compose-update.yml -e compose_serial=1

PLAY [Pull images and recreate docker compose stacks] **************************

TASK [Confirm compose projects are defined for this host] **********************
ok: [docker-main]

TASK [Pull images and recreate each stack] *************************************
ok: [docker-main] => (item=docker-main/booklore)
ok: [docker-main] => (item=docker-main/forgejo)
ok: [docker-main] => (item=docker-main/homelab-dashboard-aio)
ok: [docker-main] => (item=docker-main/immich)
ok: [docker-main] => (item=docker-main/portainer)
ok: [docker-main] => (item=docker-main/syncthing)

TASK [Report what changed per stack] *******************************************
ok: [docker-main] => (item=docker-main/booklore) => {
    "msg": "docker-main/booklore: changed=False"
}
ok: [docker-main] => (item=docker-main/forgejo) => {
    "msg": "docker-main/forgejo: changed=False"
}
ok: [docker-main] => (item=docker-main/homelab-dashboard-aio) => {
    "msg": "docker-main/homelab-dashboard-aio: changed=False"
}
ok: [docker-main] => (item=docker-main/immich) => {
    "msg": "docker-main/immich: changed=False"
}
ok: [docker-main] => (item=docker-main/portainer) => {
    "msg": "docker-main/portainer: changed=False"
}
ok: [docker-main] => (item=docker-main/syncthing) => {
    "msg": "docker-main/syncthing: changed=False"
}

TASK [Read all compose project states after the update] ************************
ok: [docker-main]

TASK [Confirm every managed project is running] ********************************
ok: [docker-main] => (item=docker-main/booklore)
ok: [docker-main] => (item=docker-main/forgejo)
ok: [docker-main] => (item=docker-main/homelab-dashboard-aio)
ok: [docker-main] => (item=docker-main/immich)
ok: [docker-main] => (item=docker-main/portainer)
ok: [docker-main] => (item=docker-main/syncthing)

TASK [Find unhealthy or restarting containers] *********************************
ok: [docker-main]

TASK [Confirm Docker reports no unhealthy or restarting container] *************
ok: [docker-main]

PLAY [Pull images and recreate docker compose stacks] **************************

TASK [Confirm compose projects are defined for this host] **********************
ok: [docker-network]

TASK [Pull images and recreate each stack] *************************************
ok: [docker-network] => (item=docker-network/netbird)
ok: [docker-network] => (item=docker-network/nginx-proxy-manager)
ok: [docker-network] => (item=docker-network/portainer-edge-agent)

TASK [Report what changed per stack] *******************************************
ok: [docker-network] => (item=docker-network/netbird) => {
    "msg": "docker-network/netbird: changed=False"
}
ok: [docker-network] => (item=docker-network/nginx-proxy-manager) => {
    "msg": "docker-network/nginx-proxy-manager: changed=False"
}
ok: [docker-network] => (item=docker-network/portainer-edge-agent) => {
    "msg": "docker-network/portainer-edge-agent: changed=False"
}

TASK [Read all compose project states after the update] ************************
ok: [docker-network]

TASK [Confirm every managed project is running] ********************************
ok: [docker-network] => (item=docker-network/netbird)
ok: [docker-network] => (item=docker-network/nginx-proxy-manager)
ok: [docker-network] => (item=docker-network/portainer-edge-agent)

TASK [Find unhealthy or restarting containers] *********************************
ok: [docker-network]

TASK [Confirm Docker reports no unhealthy or restarting container] *************
ok: [docker-network]

PLAY [Pull images and recreate docker compose stacks] **************************

TASK [Confirm compose projects are defined for this host] **********************
ok: [docker-blue]

TASK [Pull images and recreate each stack] *************************************
ok: [docker-blue] => (item=docker-blue/portainer-edge-agent)
ok: [docker-blue] => (item=docker-blue/rustdesk)

TASK [Report what changed per stack] *******************************************
ok: [docker-blue] => (item=docker-blue/portainer-edge-agent) => {
    "msg": "docker-blue/portainer-edge-agent: changed=False"
}
ok: [docker-blue] => (item=docker-blue/rustdesk) => {
    "msg": "docker-blue/rustdesk: changed=False"
}

TASK [Read all compose project states after the update] ************************
ok: [docker-blue]

TASK [Confirm every managed project is running] ********************************
ok: [docker-blue] => (item=docker-blue/portainer-edge-agent)
ok: [docker-blue] => (item=docker-blue/rustdesk)

TASK [Find unhealthy or restarting containers] *********************************
ok: [docker-blue]

TASK [Confirm Docker reports no unhealthy or restarting container] *************
ok: [docker-blue]

PLAY [Pull images and recreate docker compose stacks] **************************

TASK [Confirm compose projects are defined for this host] **********************
ok: [media-01]

TASK [Pull images and recreate each stack] *************************************
ok: [media-01] => (item=media-01/media-stack)
ok: [media-01] => (item=media-01/portainer-edge-agent)

TASK [Report what changed per stack] *******************************************
ok: [media-01] => (item=media-01/media-stack) => {
    "msg": "media-01/media-stack: changed=False"
}
ok: [media-01] => (item=media-01/portainer-edge-agent) => {
    "msg": "media-01/portainer-edge-agent: changed=False"
}

TASK [Read all compose project states after the update] ************************
ok: [media-01]

TASK [Confirm every managed project is running] ********************************
ok: [media-01] => (item=media-01/media-stack)
ok: [media-01] => (item=media-01/portainer-edge-agent)

TASK [Find unhealthy or restarting containers] *********************************
ok: [media-01]

TASK [Confirm Docker reports no unhealthy or restarting container] *************
ok: [media-01]

PLAY [Pull images and recreate docker compose stacks] **************************

TASK [Confirm compose projects are defined for this host] **********************
ok: [alpha-prod-01]

TASK [Pull images and recreate each stack] *************************************
ok: [alpha-prod-01] => (item=alpha-prod-01/playit-agent)
ok: [alpha-prod-01] => (item=alpha-prod-01/portainer-edge-agent)
ok: [alpha-prod-01] => (item=alpha-prod-01/teamspeak)
ok: [alpha-prod-01] => (item=alpha-prod-01/teamspeak-02)
ok: [alpha-prod-01] => (item=alpha-prod-01/teamspeak-03)
ok: [alpha-prod-01] => (item=alpha-prod-01/teamspeak-monitor)
ok: [alpha-prod-01] => (item=alpha-prod-01/ts3-manager)

TASK [Report what changed per stack] *******************************************
ok: [alpha-prod-01] => (item=alpha-prod-01/playit-agent) => {
    "msg": "alpha-prod-01/playit-agent: changed=False"
}
ok: [alpha-prod-01] => (item=alpha-prod-01/portainer-edge-agent) => {
    "msg": "alpha-prod-01/portainer-edge-agent: changed=False"
}
ok: [alpha-prod-01] => (item=alpha-prod-01/teamspeak) => {
    "msg": "alpha-prod-01/teamspeak: changed=False"
}
ok: [alpha-prod-01] => (item=alpha-prod-01/teamspeak-02) => {
    "msg": "alpha-prod-01/teamspeak-02: changed=False"
}
ok: [alpha-prod-01] => (item=alpha-prod-01/teamspeak-03) => {
    "msg": "alpha-prod-01/teamspeak-03: changed=False"
}
ok: [alpha-prod-01] => (item=alpha-prod-01/teamspeak-monitor) => {
    "msg": "alpha-prod-01/teamspeak-monitor: changed=False"
}
ok: [alpha-prod-01] => (item=alpha-prod-01/ts3-manager) => {
    "msg": "alpha-prod-01/ts3-manager: changed=False"
}

TASK [Read all compose project states after the update] ************************
ok: [alpha-prod-01]

TASK [Confirm every managed project is running] ********************************
ok: [alpha-prod-01] => (item=alpha-prod-01/playit-agent)
ok: [alpha-prod-01] => (item=alpha-prod-01/portainer-edge-agent)
ok: [alpha-prod-01] => (item=alpha-prod-01/teamspeak)
ok: [alpha-prod-01] => (item=alpha-prod-01/teamspeak-02)
ok: [alpha-prod-01] => (item=alpha-prod-01/teamspeak-03)
ok: [alpha-prod-01] => (item=alpha-prod-01/teamspeak-monitor)
ok: [alpha-prod-01] => (item=alpha-prod-01/ts3-manager)

TASK [Find unhealthy or restarting containers] *********************************
ok: [alpha-prod-01]

TASK [Confirm Docker reports no unhealthy or restarting container] *************
ok: [alpha-prod-01]

PLAY [Pull images and recreate docker compose stacks] **************************

TASK [Confirm compose projects are defined for this host] **********************
ok: [monitor-01]

TASK [Pull images and recreate each stack] *************************************
ok: [monitor-01] => (item=monitor-01/monitoring)
ok: [monitor-01] => (item=monitor-01/peanut)

TASK [Report what changed per stack] *******************************************
ok: [monitor-01] => (item=monitor-01/monitoring) => {
    "msg": "monitor-01/monitoring: changed=False"
}
ok: [monitor-01] => (item=monitor-01/peanut) => {
    "msg": "monitor-01/peanut: changed=False"
}

TASK [Read all compose project states after the update] ************************
ok: [monitor-01]

TASK [Confirm every managed project is running] ********************************
ok: [monitor-01] => (item=monitor-01/monitoring)
ok: [monitor-01] => (item=monitor-01/peanut)

TASK [Find unhealthy or restarting containers] *********************************
ok: [monitor-01]

TASK [Confirm Docker reports no unhealthy or restarting container] *************
ok: [monitor-01]

PLAY RECAP *********************************************************************
alpha-prod-01              : ok=7    changed=0    unreachable=0    failed=0    skipped=0    rescued=0    ignored=0   
docker-blue                : ok=7    changed=0    unreachable=0    failed=0    skipped=0    rescued=0    ignored=0   
docker-main                : ok=7    changed=0    unreachable=0    failed=0    skipped=0    rescued=0    ignored=0   
docker-network             : ok=7    changed=0    unreachable=0    failed=0    skipped=0    rescued=0    ignored=0   
media-01                   : ok=7    changed=0    unreachable=0    failed=0    skipped=0    rescued=0    ignored=0   
monitor-01                 : ok=7    changed=0    unreachable=0    failed=0    skipped=0    rescued=0    ignored=0   

exit_code=0
