2026-08-03T03:52:28+00:00
docker-main
/opt/docker/docusaurus
COMMAND: docker ps and docker inspect runtime checks
name=docusaurus image=homelab/docusaurus:3.10.2 status=Up 26 seconds (healthy) ports=80/tcp, 0.0.0.0:3010->8080/tcp, [::]:3010->8080/tcp
user=nginx readonly=true cap_drop=["ALL"] security_opt=["no-new-privileges:true"] pids_limit=100 memory=134217728 nano_cpus=500000000 health=healthy restart=unless-stopped
COMMAND: docker exec docusaurus id
uid=101(nginx) gid=101(nginx) groups=101(nginx),101(nginx)
COMMAND: verify Node.js is absent from runtime image
node_absent
COMMAND: verify static content root is read-only
touch: /usr/share/nginx/html/.write-test: Read-only file system
WRITE_TEST_EXIT_CODE: 1 (expected nonzero)
COMMAND: curl site routes and health endpoint
path=/ status=200 bytes=7640 type=text/html
path=/docs/intro status=301 bytes=169 type=text/html
path=/healthz status=200 bytes=3 type=text/plain
COMMAND: docker compose restart and wait for healthy state
 Container docusaurus Restarting 
 Container docusaurus Started 
POST_RESTART_HEALTH: healthy after 3 checks
POST_RESTART_HTTP: status=200 bytes=7640
COMMAND: docker logs --tail 40 docusaurus
2026/08/03 03:52:28 [notice] 1#1: signal 3 (SIGQUIT) received, shutting down
2026/08/03 03:52:28 [notice] 21#21: gracefully shutting down
2026/08/03 03:52:28 [notice] 21#21: exiting
2026/08/03 03:52:28 [notice] 22#22: gracefully shutting down
2026/08/03 03:52:28 [notice] 22#22: exiting
2026/08/03 03:52:28 [notice] 23#23: gracefully shutting down
2026/08/03 03:52:28 [notice] 23#23: exiting
2026/08/03 03:52:28 [notice] 21#21: exit
2026/08/03 03:52:28 [notice] 23#23: exit
2026/08/03 03:52:28 [notice] 22#22: exit
2026/08/03 03:52:28 [notice] 24#24: gracefully shutting down
2026/08/03 03:52:28 [notice] 24#24: exiting
2026/08/03 03:52:28 [notice] 24#24: exit
2026/08/03 03:52:28 [notice] 1#1: signal 17 (SIGCHLD) received from 23
2026/08/03 03:52:28 [notice] 1#1: worker process 22 exited with code 0
2026/08/03 03:52:28 [notice] 1#1: worker process 23 exited with code 0
2026/08/03 03:52:28 [notice] 1#1: signal 29 (SIGIO) received
2026/08/03 03:52:28 [notice] 1#1: signal 17 (SIGCHLD) received from 24
2026/08/03 03:52:28 [notice] 1#1: worker process 24 exited with code 0
2026/08/03 03:52:28 [notice] 1#1: worker process 21 exited with code 0
2026/08/03 03:52:28 [notice] 1#1: exit
/docker-entrypoint.sh: /docker-entrypoint.d/ is not empty, will attempt to perform configuration
/docker-entrypoint.sh: Looking for shell scripts in /docker-entrypoint.d/
/docker-entrypoint.sh: Launching /docker-entrypoint.d/10-listen-on-ipv6-by-default.sh
10-listen-on-ipv6-by-default.sh: info: can not modify /etc/nginx/conf.d/default.conf (read-only file system?)
/docker-entrypoint.sh: Sourcing /docker-entrypoint.d/15-local-resolvers.envsh
/docker-entrypoint.sh: Launching /docker-entrypoint.d/20-envsubst-on-templates.sh
/docker-entrypoint.sh: Launching /docker-entrypoint.d/30-tune-worker-processes.sh
/docker-entrypoint.sh: Configuration complete; ready for start up
2026/08/03 03:52:28 [notice] 1#1: using the "epoll" event method
2026/08/03 03:52:28 [notice] 1#1: nginx/1.29.5
2026/08/03 03:52:28 [notice] 1#1: built by gcc 15.2.0 (Alpine 15.2.0) 
2026/08/03 03:52:28 [notice] 1#1: OS: Linux 7.0.14-8-pve
2026/08/03 03:52:28 [notice] 1#1: getrlimit(RLIMIT_NOFILE): 1024:524288
2026/08/03 03:52:28 [notice] 1#1: start worker processes
2026/08/03 03:52:28 [notice] 1#1: start worker process 21
2026/08/03 03:52:28 [notice] 1#1: start worker process 22
2026/08/03 03:52:28 [notice] 1#1: start worker process 23
2026/08/03 03:52:28 [notice] 1#1: start worker process 24
172.20.0.1 - - [03/Aug/2026:03:52:34 +0000] "GET / HTTP/1.1" 200 7640 "-" "curl/7.88.1"
EXIT_CODE: 0
