2026-08-03T03:55:11+00:00
docker-main
/opt/docker/docusaurus
COMMAND: docker compose -f Configuration/docker-compose.yml build
 Image homelab/docusaurus:3.10.2 Building 
#1 [internal] load local bake definitions
#1 reading from stdin 536B done
#1 DONE 0.0s

#2 [internal] load build definition from Dockerfile
#2 transferring dockerfile: 583B done
#2 DONE 0.0s

#3 [internal] load metadata for docker.io/library/nginx:1.29.5-alpine@sha256:1eff5a5f3fcf8431a0abb7eddf5471fec24e5e1905a2581aeacdb07a4479b92b
#3 DONE 0.0s

#4 [internal] load metadata for docker.io/library/node:24.14.0-alpine@sha256:7fddd9ddeae8196abf4a3ef2de34e11f7b1a722119f91f28ddf1e99dcafdf114
#4 DONE 0.0s

#5 [internal] load .dockerignore
#5 transferring context: 85B done
#5 DONE 0.0s

#6 [build 1/6] FROM docker.io/library/node:24.14.0-alpine@sha256:7fddd9ddeae8196abf4a3ef2de34e11f7b1a722119f91f28ddf1e99dcafdf114
#6 DONE 0.0s

#7 [internal] load build context
#7 transferring context: 2.06kB done
#7 DONE 0.0s

#8 [build 3/6] COPY package.json package-lock.json ./
#8 CACHED

#9 [build 2/6] WORKDIR /app
#9 CACHED

#10 [stage-1 1/3] FROM docker.io/library/nginx:1.29.5-alpine@sha256:1eff5a5f3fcf8431a0abb7eddf5471fec24e5e1905a2581aeacdb07a4479b92b
#10 CACHED

#11 [build 4/6] RUN npm ci
#11 CACHED

#12 [stage-1 2/3] COPY nginx.conf /etc/nginx/nginx.conf
#12 DONE 0.0s

#13 [build 5/6] COPY . .
#13 DONE 0.0s

#14 [build 6/6] RUN npm run build
#14 0.251 
#14 0.251 > homelab-documentation@1.0.0 build
#14 0.251 > docusaurus build
#14 0.251 
#14 1.156 [INFO] [en] Creating an optimized production build...
#14 3.062 [SUCCESS] Generated static files in "build".
#14 3.062 [INFO] Use `npm run serve` command to test your build locally.
#14 DONE 3.2s

#15 [stage-1 3/3] COPY --from=build /app/build /usr/share/nginx/html
#15 DONE 0.0s

#16 exporting to image
#16 exporting layers 0.0s done
#16 writing image sha256:431580f0dc29c1aa52e5b16983ca6c24df0dfd2778863fd343e09ddf169c5ad4 done
#16 naming to docker.io/homelab/docusaurus:3.10.2 done
#16 DONE 0.1s

#17 resolving provenance for metadata file
#17 DONE 0.0s
 Image homelab/docusaurus:3.10.2 Built 
BUILD_EXIT_CODE: 0
COMMAND: docker compose -f Configuration/docker-compose.yml up -d
 Container docusaurus Recreate 
 Container docusaurus Recreated 
 Container docusaurus Starting 
 Container docusaurus Started 
UP_EXIT_CODE: 0
HEALTH: healthy after 3 checks
COMMAND: inspect redirect and follow it through host port 3010
HTTP/1.1 301 Moved Permanently
Server: nginx/1.29.5
Date: Mon, 03 Aug 2026 03:55:22 GMT
Content-Type: text/html
Content-Length: 169
Connection: keep-alive
Location: /docs/intro/

FOLLOWED_DOCS_HTTP: status=200 bytes=10251 redirects=1 redirect_url=
CURL_EXIT_CODE: 0
name=docusaurus image=homelab/docusaurus:3.10.2 status=Up 6 seconds (healthy) ports=80/tcp, 0.0.0.0:3010->8080/tcp, [::]:3010->8080/tcp
EXIT_CODE: 0
