2026-08-03T04:00:38+00:00
docker-main
/opt/docker/docusaurus
COMMAND: docker compose -f Configuration/docker-compose.yml build
 Image homelab/docusaurus:3.10.2 Building 
#1 [internal] load local bake definitions
#1 reading from stdin 536B done
#1 DONE 0.0s

#2 [internal] load build definition from Dockerfile
#2 transferring dockerfile: 583B done
#2 DONE 0.0s

#3 [internal] load metadata for docker.io/library/nginx:1.29.5-alpine@sha256:1eff5a5f3fcf8431a0abb7eddf5471fec24e5e1905a2581aeacdb07a4479b92b
#3 DONE 0.0s

#4 [internal] load metadata for docker.io/library/node:24.14.0-alpine@sha256:7fddd9ddeae8196abf4a3ef2de34e11f7b1a722119f91f28ddf1e99dcafdf114
#4 DONE 0.0s

#5 [internal] load .dockerignore
#5 transferring context: 85B done
#5 DONE 0.0s

#6 [build 1/6] FROM docker.io/library/node:24.14.0-alpine@sha256:7fddd9ddeae8196abf4a3ef2de34e11f7b1a722119f91f28ddf1e99dcafdf114
#6 DONE 0.0s

#7 [stage-1 1/3] FROM docker.io/library/nginx:1.29.5-alpine@sha256:1eff5a5f3fcf8431a0abb7eddf5471fec24e5e1905a2581aeacdb07a4479b92b
#7 DONE 0.0s

#8 [internal] load build context
#8 transferring context: 1.92kB done
#8 DONE 0.0s

#9 [build 2/6] WORKDIR /app
#9 CACHED

#10 [build 3/6] COPY package.json package-lock.json ./
#10 CACHED

#11 [build 4/6] RUN npm ci
#11 CACHED

#12 [build 5/6] COPY . .
#12 DONE 0.0s

#13 [build 6/6] RUN npm run build
#13 0.243 
#13 0.243 > homelab-documentation@1.0.0 build
#13 0.243 > docusaurus build
#13 0.243 
#13 1.114 [INFO] [en] Creating an optimized production build...
#13 3.068 [SUCCESS] Generated static files in "build".
#13 3.068 [INFO] Use `npm run serve` command to test your build locally.
#13 DONE 3.2s

#14 [stage-1 2/3] COPY nginx.conf /etc/nginx/nginx.conf
#14 CACHED

#15 [stage-1 3/3] COPY --from=build /app/build /usr/share/nginx/html
#15 DONE 0.0s

#16 exporting to image
#16 exporting layers 0.0s done
#16 writing image sha256:1cbeee7666b9849dba2d4815b2ed6b4da14e4fb17647290de73daf489371592e done
#16 naming to docker.io/homelab/docusaurus:3.10.2 done
#16 DONE 0.0s

#17 resolving provenance for metadata file
#17 DONE 0.0s
 Image homelab/docusaurus:3.10.2 Built 
BUILD_EXIT_CODE: 0
COMMAND: docker compose -f Configuration/docker-compose.yml up -d
 Container docusaurus Recreate 
 Container docusaurus Recreated 
 Container docusaurus Starting 
 Container docusaurus Started 
UP_EXIT_CODE: 0
HEALTH: healthy after 3 checks
METADATA_CONTENT_EXIT_CODE: 0
DOCS_HTTP: status=200 bytes=9968 redirects=1
CURL_EXIT_CODE: 0
container_id=aa4d1283bd80fda26c31b84169620da2350dd64895502bd894e84db5a7d668a1 image=sha256:1cbeee7666b9849dba2d4815b2ed6b4da14e4fb17647290de73daf489371592e health=healthy user=nginx readonly=true
image_id=sha256:1cbeee7666b9849dba2d4815b2ed6b4da14e4fb17647290de73daf489371592e size_bytes=62719933 architecture=amd64 os=linux
name=docusaurus cpu=0.00% memory=5.23MiB / 128MiB pids=5
NGINX_ERROR_LINES: 0
EXIT_CODE: 0
