2026-08-03T04:03:21+00:00
docker-main
/opt/docker/docusaurus
COMMAND: docker compose -f Configuration/docker-compose.yml build
 Image homelab/docusaurus:3.10.2 Building 
#1 [internal] load local bake definitions
#1 reading from stdin 536B done
#1 DONE 0.0s

#2 [internal] load build definition from Dockerfile
#2 transferring dockerfile: 583B done
#2 DONE 0.0s

#3 [internal] load metadata for docker.io/library/node:24.14.0-alpine@sha256:7fddd9ddeae8196abf4a3ef2de34e11f7b1a722119f91f28ddf1e99dcafdf114
#3 DONE 0.2s

#4 [internal] load metadata for docker.io/library/nginx:1.29.5-alpine@sha256:1eff5a5f3fcf8431a0abb7eddf5471fec24e5e1905a2581aeacdb07a4479b92b
#4 DONE 0.2s

#5 [internal] load .dockerignore
#5 transferring context: 85B done
#5 DONE 0.0s

#6 [build 1/6] FROM docker.io/library/node:24.14.0-alpine@sha256:7fddd9ddeae8196abf4a3ef2de34e11f7b1a722119f91f28ddf1e99dcafdf114
#6 DONE 0.0s

#7 [internal] load build context
#7 transferring context: 2.16kB done
#7 DONE 0.0s

#8 [build 2/6] WORKDIR /app
#8 CACHED

#9 [build 3/6] COPY package.json package-lock.json ./
#9 CACHED

#10 [build 4/6] RUN npm ci
#10 CACHED

#11 [stage-1 1/3] FROM docker.io/library/nginx:1.29.5-alpine@sha256:1eff5a5f3fcf8431a0abb7eddf5471fec24e5e1905a2581aeacdb07a4479b92b
#11 CACHED

#12 [build 5/6] COPY . .
#12 DONE 0.0s

#13 [stage-1 2/3] COPY nginx.conf /etc/nginx/nginx.conf
#13 DONE 0.0s

#14 [build 6/6] RUN npm run build
#14 0.246 
#14 0.246 > homelab-documentation@1.0.0 build
#14 0.246 > docusaurus build
#14 0.246 
#14 1.222 [INFO] [en] Creating an optimized production build...
#14 3.175 [SUCCESS] Generated static files in "build".
#14 3.175 [INFO] Use `npm run serve` command to test your build locally.
#14 DONE 3.3s

#15 [stage-1 3/3] COPY --from=build /app/build /usr/share/nginx/html
#15 DONE 0.0s

#16 exporting to image
#16 exporting layers 0.0s done
#16 writing image sha256:af4a28807ed90bc9345a65c644da77e6f2ec63aa5ca83339b28fe079947c656b done
#16 naming to docker.io/homelab/docusaurus:3.10.2 done
#16 DONE 0.1s

#17 resolving provenance for metadata file
#17 DONE 0.0s
 Image homelab/docusaurus:3.10.2 Built 
BUILD_EXIT_CODE: 0
COMMAND: docker compose -f Configuration/docker-compose.yml up -d
 Container docusaurus Recreate 
 Container docusaurus Recreated 
 Container docusaurus Starting 
 Container docusaurus Started 
UP_EXIT_CODE: 0
HEALTH: healthy after 3 checks
COMMAND: verify expected status for published routes
url=http://127.0.0.1:3010/ expected=200 actual=200 curl_exit=0
url=http://127.0.0.1:3010/docs/intro expected=200 actual=200 curl_exit=0
url=http://127.0.0.1:3010/docs/intro/ expected=200 actual=200 curl_exit=0
url=http://127.0.0.1:3010/healthz expected=200 actual=200 curl_exit=0
url=http://127.0.0.1:3010/route-that-does-not-exist expected=404 actual=404 curl_exit=0
COMMAND: verify redirect stays relative
LOCATION: /docs/intro/
container_id=af0b6e08643e7190d062943342773bdae658ee4bc61d3b7caeed060124a67850 image=sha256:af4a28807ed90bc9345a65c644da77e6f2ec63aa5ca83339b28fe079947c656b health=healthy user=nginx readonly=true
image_id=sha256:af4a28807ed90bc9345a65c644da77e6f2ec63aa5ca83339b28fe079947c656b size_bytes=62720008 architecture=amd64 os=linux
name=docusaurus cpu=0.00% memory=4.621MiB / 128MiB pids=5
NGINX_ERROR_LINES: 0
EXIT_CODE: 0
