Target: ansible-01
Started: 2026-10-02 01:33:53 AM EDT
Exit code: 0
Executed script:
#!/bin/bash
set -uo pipefail
cd /home/ansible/fleet-updates
export LANG=C.utf8 LC_ALL=C.utf8 ANSIBLE_NOCOLOR=1
TZ=America/New_York date '+%Y-%m-%d %I:%M:%S %p %Z'
/usr/local/bin/ansible-playbook playbooks/os-update.yml -e target=docker-network -e reboot=report -e '{"apt_autoremove":false,"apt_autoclean":false}'
maintenance_rc=$?
TZ=America/New_York date '+%Y-%m-%d %I:%M:%S %p %Z'
printf '%s\n' "$maintenance_rc" > /home/ansible/fleet-maintenance-2026-10-02/network.rc
exit "$maintenance_rc"

Combined stdout and stderr (text capture; line endings normalized):
2026-10-02 01:33:53 AM EDT

PLAY [Update OS packages across the Linux fleet] *******************************

TASK [Gathering Facts] *********************************************************
ok: [docker-network]

TASK [Confirm a local controller run is on ansible-01] *************************
skipping: [docker-network]

TASK [Confirm a supported package manager is present] **************************
ok: [docker-network]

TASK [Update apt cache and upgrade packages (Debian and Ubuntu)] ***************
changed: [docker-network]

TASK [Upgrade all packages (Rocky and other RHEL family)] **********************
skipping: [docker-network]

TASK [Check for a pending reboot (Debian family)] ******************************
ok: [docker-network]

TASK [Check for a pending reboot (RHEL family)] ********************************
skipping: [docker-network]

TASK [Record whether a reboot is required] *************************************
ok: [docker-network]

TASK [Refuse an automatic reboot through a local connection] *******************
skipping: [docker-network]

TASK [Record the current boot ID] **********************************************
skipping: [docker-network]

TASK [Schedule the reboot outside the SSH session] *****************************
skipping: [docker-network]

TASK [Wait for the guest to stop answering on SSH] *****************************
skipping: [docker-network]

TASK [Wait for SSH after the reboot] *******************************************
skipping: [docker-network]

TASK [Read the boot ID after reconnect] ****************************************
skipping: [docker-network]

TASK [Confirm the guest completed a new boot] **********************************
skipping: [docker-network]

TASK [Wait for systemd and startup health checks to settle] ********************
skipping: [docker-network]

TASK [Record the successful reboot] ********************************************
skipping: [docker-network]

TASK [Report a pending automatic reboot in check mode] *************************
skipping: [docker-network]

TASK [Clear the pending-reboot state after a successful reboot] ****************
skipping: [docker-network]

TASK [Report the per-host result] **********************************************
ok: [docker-network] => {
    "msg": "docker-network: pkg_mgr=apt changed=True reboot_required=False reboot_policy=report"
}

PLAY RECAP *********************************************************************
docker-network             : ok=6    changed=1    unreachable=0    failed=0    skipped=14   rescued=0    ignored=0   

2026-10-02 01:34:39 AM EDT

Follow-up verification: ../Exports/post-update.json and final-verification.json; package audits and dependency checks passed. No host rebooted.
